// Jest Snapshot v1, https://goo.gl/fbAQLP

exports[`Pruebas componente Entry debe hacer match con SnapShot  1`] = `
<div class="entry-container mb-3 pointer p-2">
  <div class="entry-title d-flex"><span class="text-success fs-5 fw-bold">16</span><span class="mx-1 fs-5">Diciembre</span><span class="mx-2 fw-light">2023, SÃ¡bado</span></div>
  <div class="entry-description">Ejemplo 1</div>
</div>
`;
