// Jest Snapshot v1, https://goo.gl/fbAQLP

exports[`Pruebas en el AboutView debe coincidir con snapshot 1`] = `
<div class="about">
  <h1>This is an about page</h1>
</div>
`;

exports[`Pruebas en el AboutView debe renderizar el componente correctamente 1`] = `
<div class="about">
  <h1>This is an about page</h1>
</div>
`;
